[2025-03-11 09:16:18] production.ERROR: require(/var/www/vion/routes/web.php): Failed to open stream: No such file or directory {"exception":"[object] (ErrorException(code: 0): require(/var/www/vion/routes/web.php): Failed to open stream: No such file or directory at /var/www/vion/vendor/laravel/framework/src/Illuminate/Routing/RouteFileRegistrar.php:35)
[stacktrace]
#0 /var/www/vion/vendor/laravel/framework/src/Illuminate/Foundation/Bootstrap/HandleExceptions.php(272): Illuminate\\Foundation\\Bootstrap\\HandleExceptions->handleError()
#1 /var/www/vion/vendor/laravel/framework/src/Illuminate/Routing/RouteFileRegistrar.php(35): Illuminate\\Foundation\\Bootstrap\\HandleExceptions->Illuminate\\Foundation\\Bootstrap\\{closure}()
#2 /var/www/vion/vendor/laravel/framework/src/Illuminate/Routing/RouteFileRegistrar.php(35): require('...')
#3 /var/www/vion/vendor/laravel/framework/src/Illuminate/Routing/Router.php(503): Illuminate\\Routing\\RouteFileRegistrar->register()
#4 /var/www/vion/vendor/laravel/framework/src/Illuminate/Routing/Router.php(457): Illuminate\\Routing\\Router->loadRoutes()
#5 /var/www/vion/vendor/laravel/framework/src/Illuminate/Routing/RouteRegistrar.php(192): Illuminate\\Routing\\Router->group()
#6 /var/www/vion/app/Providers/RouteServiceProvider.php(69): Illuminate\\Routing\\RouteRegistrar->group()
#7 /var/www/vion/app/Providers/RouteServiceProvider.php(49): App\\Providers\\RouteServiceProvider->mapWebRoutes()
#8 /var/www/vion/vendor/laravel/framework/src/Illuminate/Container/BoundMethod.php(36): App\\Providers\\RouteServiceProvider->map()
#9 /var/www/vion/vendor/laravel/framework/src/Illuminate/Container/Util.php(41): Illuminate\\Container\\BoundMethod::Illuminate\\Container\\{closure}()
#10 /var/www/vion/vendor/laravel/framework/src/Illuminate/Container/BoundMethod.php(93): Illuminate\\Container\\Util::unwrapIfClosure()
#11 /var/www/vion/vendor/laravel/framework/src/Illuminate/Container/BoundMethod.php(37): Illuminate\\Container\\BoundMethod::callBoundMethod()
#12 /var/www/vion/vendor/laravel/framework/src/Illuminate/Container/Container.php(661): Illuminate\\Container\\BoundMethod::call()
#13 /var/www/vion/vendor/laravel/framework/src/Illuminate/Foundation/Support/Providers/RouteServiceProvider.php(122): Illuminate\\Container\\Container->call()
#14 /var/www/vion/vendor/laravel/framework/src/Illuminate/Foundation/Support/Providers/RouteServiceProvider.php(45): Illuminate\\Foundation\\Support\\Providers\\RouteServiceProvider->loadRoutes()
#15 /var/www/vion/vendor/laravel/framework/src/Illuminate/Container/BoundMethod.php(36): Illuminate\\Foundation\\Support\\Providers\\RouteServiceProvider->Illuminate\\Foundation\\Support\\Providers\\{closure}()
#16 /var/www/vion/vendor/laravel/framework/src/Illuminate/Container/Util.php(41): Illuminate\\Container\\BoundMethod::Illuminate\\Container\\{closure}()
#17 /var/www/vion/vendor/laravel/framework/src/Illuminate/Container/BoundMethod.php(81): Illuminate\\Container\\Util::unwrapIfClosure()
#18 /var/www/vion/vendor/laravel/framework/src/Illuminate/Container/BoundMethod.php(37): Illuminate\\Container\\BoundMethod::callBoundMethod()
#19 /var/www/vion/vendor/laravel/framework/src/Illuminate/Container/Container.php(661): Illuminate\\Container\\BoundMethod::call()
#20 /var/www/vion/vendor/laravel/framework/src/Illuminate/Support/ServiceProvider.php(119): Illuminate\\Container\\Container->call()
#21 /var/www/vion/vendor/laravel/framework/src/Illuminate/Foundation/Application.php(957): Illuminate\\Support\\ServiceProvider->callBootedCallbacks()
#22 /var/www/vion/vendor/laravel/framework/src/Illuminate/Foundation/Application.php(935): Illuminate\\Foundation\\Application->bootProvider()
#23 [internal function]: Illuminate\\Foundation\\Application->Illuminate\\Foundation\\{closure}()
#24 /var/www/vion/vendor/laravel/framework/src/Illuminate/Foundation/Application.php(936): array_walk()
#25 /var/www/vion/vendor/laravel/framework/src/Illuminate/Foundation/Bootstrap/BootProviders.php(17): Illuminate\\Foundation\\Application->boot()
#26 /var/www/vion/vendor/laravel/framework/src/Illuminate/Foundation/Application.php(265): Illuminate\\Foundation\\Bootstrap\\BootProviders->bootstrap()
#27 /var/www/vion/vendor/laravel/framework/src/Illuminate/Foundation/Http/Kernel.php(176): Illuminate\\Foundation\\Application->bootstrapWith()
#28 /var/www/vion/vendor/laravel/framework/src/Illuminate/Foundation/Http/Kernel.php(160): Illuminate\\Foundation\\Http\\Kernel->bootstrap()
#29 /var/www/vion/vendor/laravel/framework/src/Illuminate/Foundation/Http/Kernel.php(134): Illuminate\\Foundation\\Http\\Kernel->sendRequestThroughRouter()
#30 /var/www/vion/public/index.php(51): Illuminate\\Foundation\\Http\\Kernel->handle()
#31 {main}
"} 
